[    6397ms] [INFO] %cDownload the React DevTools for a better development experience: https://react.dev/link/react-devtools font-weight:bold @ http://localhost:3000/_next/static/chunks/node_modules_next_dist_1bjkg68unqmjx._.js:719
[    7082ms] [LOG] [HMR] connected @ http://localhost:3000/_next/static/chunks/node_modules_next_dist_1bjkg68unqmjx._.js:719
[    7669ms] [LOG] [Fast Refresh] rebuilding @ http://localhost:3000/_next/static/chunks/node_modules_next_dist_1bjkg68unqmjx._.js:719
[    9838ms] [LOG] [Fast Refresh] done in 2276ms @ http://localhost:3000/_next/static/chunks/node_modules_next_dist_1bjkg68unqmjx._.js:719
[   86791ms] [LOG] [Fast Refresh] rebuilding @ http://localhost:3000/_next/static/chunks/node_modules_next_dist_1bjkg68unqmjx._.js:719
[   86814ms] [LOG] [Fast Refresh] done in 128ms @ http://localhost:3000/_next/static/chunks/node_modules_next_dist_1bjkg68unqmjx._.js:719
[   89657ms] [LOG] [Fast Refresh] rebuilding @ http://localhost:3000/_next/static/chunks/node_modules_next_dist_1bjkg68unqmjx._.js:719
[   89669ms] [LOG] [Fast Refresh] done in 114ms @ http://localhost:3000/_next/static/chunks/node_modules_next_dist_1bjkg68unqmjx._.js:719
[  105795ms] [LOG] [Fast Refresh] rebuilding @ http://localhost:3000/_next/static/chunks/node_modules_next_dist_1bjkg68unqmjx._.js:719
[  105933ms] [LOG] [Fast Refresh] done in 243ms @ http://localhost:3000/_next/static/chunks/node_modules_next_dist_1bjkg68unqmjx._.js:719
[  106177ms] [LOG] [Fast Refresh] rebuilding @ http://localhost:3000/_next/static/chunks/node_modules_next_dist_1bjkg68unqmjx._.js:719
[  106860ms] [LOG] [Fast Refresh] done in 797ms @ http://localhost:3000/_next/static/chunks/node_modules_next_dist_1bjkg68unqmjx._.js:719
[  405697ms] [LOG] [Fast Refresh] rebuilding @ http://localhost:3000/_next/static/chunks/node_modules_next_dist_1bjkg68unqmjx._.js:719
[  405818ms] [LOG] [Fast Refresh] done in 224ms @ http://localhost:3000/_next/static/chunks/node_modules_next_dist_1bjkg68unqmjx._.js:719
[  406009ms] [WARNING] Detected `scroll-behavior: smooth` on the `<html>` element. To disable smooth scrolling during route transitions, add `data-scroll-behavior="smooth"` to your <html> element. Learn more: https://nextjs.org/docs/messages/missing-data-scroll-behavior @ http://localhost:3000/_next/static/chunks/node_modules_next_dist_1bjkg68unqmjx._.js:719
[  470964ms] [LOG] [Fast Refresh] rebuilding @ http://localhost:3000/_next/static/chunks/node_modules_next_dist_1bjkg68unqmjx._.js:719
[  471234ms] [LOG] [Fast Refresh] done in 374ms @ http://localhost:3000/_next/static/chunks/node_modules_next_dist_1bjkg68unqmjx._.js:719
[  474873ms] [LOG] [Fast Refresh] rebuilding @ http://localhost:3000/_next/static/chunks/node_modules_next_dist_1bjkg68unqmjx._.js:719
[  475276ms] [LOG] [Fast Refresh] done in 512ms @ http://localhost:3000/_next/static/chunks/node_modules_next_dist_1bjkg68unqmjx._.js:719
[ 3471814ms] [LOG] [Fast Refresh] rebuilding @ http://localhost:3000/_next/static/chunks/node_modules_next_dist_1bjkg68unqmjx._.js:719
[ 3477514ms] [LOG] [Fast Refresh] done in 5822ms @ http://localhost:3000/_next/static/chunks/node_modules_next_dist_1bjkg68unqmjx._.js:719
[ 3493445ms] [LOG] [Fast Refresh] rebuilding @ http://localhost:3000/_next/static/chunks/node_modules_next_dist_1bjkg68unqmjx._.js:719
[ 3494263ms] [LOG] [Fast Refresh] done in 934ms @ http://localhost:3000/_next/static/chunks/node_modules_next_dist_1bjkg68unqmjx._.js:719
[ 3494493ms] [LOG] [Fast Refresh] rebuilding @ http://localhost:3000/_next/static/chunks/node_modules_next_dist_1bjkg68unqmjx._.js:719
[ 3495745ms] [LOG] [Fast Refresh] done in 1364ms @ http://localhost:3000/_next/static/chunks/node_modules_next_dist_1bjkg68unqmjx._.js:719
[ 3500168ms] [LOG] [Fast Refresh] rebuilding @ http://localhost:3000/_next/static/chunks/node_modules_next_dist_1bjkg68unqmjx._.js:719
[ 3500203ms] [LOG] [Fast Refresh] done in 146ms @ http://localhost:3000/_next/static/chunks/node_modules_next_dist_1bjkg68unqmjx._.js:719
